our net: SweepResnet w256 d8  params=10,116,940
  game   1  opening  1 as white: D  [b3 Nf6 f4 b5 e3 e6]
  game   2  opening  1 as black: W  [b3 Nf6 f4 b5 e3 e6]
  game   3  opening  2 as white: W  [f4 g6 Nc3 Nh6 b3 Na6]
  game   4  opening  2 as black: W  [f4 g6 Nc3 Nh6 b3 Na6]
  game   5  opening  3 as white: W  [Nf3 d6 a4 Nf6 Rg1 b5]
  game   6  opening  3 as black: D  [Nf3 d6 a4 Nf6 Rg1 b5]
  game   7  opening  4 as white: D  [e3 c5 Qf3 c4 e4 b6]
  game   8  opening  4 as black: L  [e3 c5 Qf3 c4 e4 b6]
  game   9  opening  5 as white: D  [c3 e5 e3 Be7 d3 h6]
  game  10  opening  5 as black: W  [c3 e5 e3 Be7 d3 h6]
  game  11  opening  6 as white: L  [c3 f6 f4 h6 Qc2 e5]
  game  12  opening  6 as black: L  [c3 f6 f4 h6 Qc2 e5]
  game  13  opening  7 as white: L  [b4 Nc6 Ba3 Rb8 f4 b5]
  game  14  opening  7 as black: L  [b4 Nc6 Ba3 Rb8 f4 b5]
  game  15  opening  8 as white: D  [h3 b5 c3 Ba6 a3 d6]
  game  16  opening  8 as black: D  [h3 b5 c3 Ba6 a3 d6]
  game  17  opening  9 as white: D  [Nf3 f6 b3 h6 a4 c5]
  game  18  opening  9 as black: W  [Nf3 f6 b3 h6 a4 c5]
  game  19  opening 10 as white: L  [h4 g6 d4 g5 Bxg5 Nf6]
  game  20  opening 10 as black: W  [h4 g6 d4 g5 Bxg5 Nf6]
  game  21  opening 11 as white: D  [e3 g5 g4 e5 Bh3 Ke7]
  game  22  opening 11 as black: W  [e3 g5 g4 e5 Bh3 Ke7]
  game  23  opening 12 as white: W  [a4 Nc6 d3 h6 c3 Ne5]
  game  24  opening 12 as black: D  [a4 Nc6 d3 h6 c3 Ne5]
  game  25  opening 13 as white: W  [c4 f5 Nf3 Nh6 Ng5 d6]
  game  26  opening 13 as black: W  [c4 f5 Nf3 Nh6 Ng5 d6]
  game  27  opening 14 as white: D  [b3 a5 g4 d5 Ba3 Ra6]
  game  28  opening 14 as black: D  [b3 a5 g4 d5 Ba3 Ra6]
  game  29  opening 15 as white: W  [d3 Nc6 Nh3 a6 Ng1 g6]
  game  30  opening 15 as black: D  [d3 Nc6 Nh3 a6 Ng1 g6]
  game  31  opening 16 as white: D  [c4 d5 f4 e6 c5 Bd6]
  game  32  opening 16 as black: W  [c4 d5 f4 e6 c5 Bd6]
  game  33  opening 17 as white: D  [h3 e5 e3 Ke7 a3 h6]
  game  34  opening 17 as black: L  [h3 e5 e3 Ke7 a3 h6]
  game  35  opening 18 as white: W  [Nc3 Nh6 Nb1 Rg8 Nc3 c6]
  game  36  opening 18 as black: L  [Nc3 Nh6 Nb1 Rg8 Nc3 c6]
  game  37  opening 19 as white: L  [a4 f6 Na3 e5 h4 g6]
  game  38  opening 19 as black: W  [a4 f6 Na3 e5 h4 g6]
  game  39  opening 20 as white: D  [b3 h5 h4 Nh6 g3 a5]
  game  40  opening 20 as black: W  [b3 h5 h4 Nh6 g3 a5]
  game  41  opening 21 as white: D  [Nf3 b5 a4 f5 Ra3 Ba6]
  game  42  opening 21 as black: D  [Nf3 b5 a4 f5 Ra3 Ba6]
  game  43  opening 22 as white: W  [c4 b5 Nc3 a5 b4 bxc4]
  game  44  opening 22 as black: D  [c4 b5 Nc3 a5 b4 bxc4]
  game  45  opening 23 as white: D  [Na3 Nc6 d3 a5 g3 d5]
  game  46  opening 23 as black: W  [Na3 Nc6 d3 a5 g3 d5]
  game  47  opening 24 as white: W  [a4 g5 f3 f5 f4 Kf7]
  game  48  opening 24 as black: W  [a4 g5 f3 f5 f4 Kf7]
  game  49  opening 25 as white: D  [Nf3 g6 c3 h6 g3 d6]
  game  50  opening 25 as black: W  [Nf3 g6 c3 h6 g3 d6]
  game  51  opening 26 as white: D  [f4 b6 c3 f6 Na3 h5]
  game  52  opening 26 as black: D  [f4 b6 c3 f6 Na3 h5]
  game  53  opening 27 as white: D  [d3 f6 Be3 Nc6 b4 Nxb4]
  game  54  opening 27 as black: L  [d3 f6 Be3 Nc6 b4 Nxb4]
  game  55  opening 28 as white: D  [a4 f6 c4 a6 Qb3 Kf7]
  game  56  opening 28 as black: W  [a4 f6 c4 a6 Qb3 Kf7]
  game  57  opening 29 as white: D  [a4 a6 g3 e6 c3 d5]
  game  58  opening 29 as black: D  [a4 a6 g3 e6 c3 d5]
  game  59  opening 30 as white: D  [a3 Na6 d3 d5 Nf3 f5]
  game  60  opening 30 as black: D  [a3 Na6 d3 d5 Nf3 f5]
  game  61  opening 31 as white: L  [a3 Na6 h4 e5 e4 f5]
  game  62  opening 31 as black: W  [a3 Na6 h4 e5 e4 f5]
  game  63  opening 32 as white: L  [Nf3 a5 b4 a4 a3 h6]
  game  64  opening 32 as black: D  [Nf3 a5 b4 a4 a3 h6]
  game  65  opening 33 as white: L  [e4 g5 b3 b5 h3 a6]
  game  66  opening 33 as black: W  [e4 g5 b3 b5 h3 a6]
  game  67  opening 34 as white: D  [a3 e6 g4 d6 c3 Qf6]
  game  68  opening 34 as black: W  [a3 e6 g4 d6 c3 Qf6]
  game  69  opening 35 as white: L  [f3 Nf6 c3 c6 c4 g5]
  game  70  opening 35 as black: D  [f3 Nf6 c3 c6 c4 g5]
  game  71  opening 36 as white: W  [h3 g5 d3 Na6 Nf3 f6]
  game  72  opening 36 as black: W  [h3 g5 d3 Na6 Nf3 f6]
  game  73  opening 37 as white: D  [b3 f5 g4 g5 f4 Nc6]
  game  74  opening 37 as black: D  [b3 f5 g4 g5 f4 Nc6]
  game  75  opening 38 as white: D  [d4 b6 h4 Nc6 e3 g6]
  game  76  opening 38 as black: L  [d4 b6 h4 Nc6 e3 g6]
  game  77  opening 39 as white: D  [c4 a5 e3 f5 Qc2 Kf7]
  game  78  opening 39 as black: D  [c4 a5 e3 f5 Qc2 Kf7]
  game  79  opening 40 as white: D  [Na3 Na6 Nc4 Nf6 d4 Rb8]
  game  80  opening 40 as black: L  [Na3 Na6 Nc4 Nf6 d4 Rb8]
  game  81  opening 41 as white: W  [h3 b6 g3 Nc6 Na3 Ne5]
  game  82  opening 41 as black: L  [h3 b6 g3 Nc6 Na3 Ne5]
  game  83  opening 42 as white: L  [Nc3 g5 g3 b6 b4 Nf6]
  game  84  opening 42 as black: L  [Nc3 g5 g3 b6 b4 Nf6]
  game  85  opening 43 as white: D  [h3 b6 b4 e6 Rh2 Qh4]
  game  86  opening 43 as black: W  [h3 b6 b4 e6 Rh2 Qh4]
  game  87  opening 44 as white: L  [Nc3 Nh6 d3 Nc6 f4 f5]
  game  88  opening 44 as black: W  [Nc3 Nh6 d3 Nc6 f4 f5]
  game  89  opening 45 as white: D  [d4 c5 Nf3 d6 Bd2 a5]
  game  90  opening 45 as black: W  [d4 c5 Nf3 d6 Bd2 a5]
  game  91  opening 46 as white: W  [a3 c5 g4 Nc6 g5 a5]
  game  92  opening 46 as black: D  [a3 c5 g4 Nc6 g5 a5]
  game  93  opening 47 as white: D  [b3 Nh6 h4 a5 Nf3 e6]
  game  94  opening 47 as black: L  [b3 Nh6 h4 a5 Nf3 e6]
  game  95  opening 48 as white: D  [g3 Nh6 c3 g5 a4 Rg8]
  game  96  opening 48 as black: L  [g3 Nh6 c3 g5 a4 Rg8]
  game  97  opening 49 as white: W  [h3 d6 a3 f6 Rh2 Kf7]
  game  98  opening 49 as black: D  [h3 d6 a3 f6 Rh2 Kf7]
  game  99  opening 50 as white: W  [Nc3 b5 a3 g5 h4 c6]
  game 100  opening 50 as black: D  [Nc3 b5 a3 g5 h4 c6]
chess head-to-head (reinfors net vs open_spiel net, 64 sims both): 34W 44D 22L -> score 0.56
