our net: SweepResnet w256 d8  params=10,116,940
  game   1  opening  1 as white: D  [f3 f5 a4 d6 g3 e6]
  game   2  opening  1 as black: W  [f3 f5 a4 d6 g3 e6]
  game   3  opening  2 as white: D  [f3 d5 g3 Bh3 c3 f6]
  game   4  opening  2 as black: D  [f3 d5 g3 Bh3 c3 f6]
  game   5  opening  3 as white: D  [b3 d5 b4 g6 Nc3 e5]
  game   6  opening  3 as black: W  [b3 d5 b4 g6 Nc3 e5]
  game   7  opening  4 as white: D  [d3 g5 g3 h6 Nc3 d5]
  game   8  opening  4 as black: D  [d3 g5 g3 h6 Nc3 d5]
  game   9  opening  5 as white: L  [Nc3 Na6 h4 e6 f4 Bb4]
  game  10  opening  5 as black: W  [Nc3 Na6 h4 e6 f4 Bb4]
  game  11  opening  6 as white: D  [Nc3 e5 e4 Qg5 Bc4 Bb4]
  game  12  opening  6 as black: L  [Nc3 e5 e4 Qg5 Bc4 Bb4]
  game  13  opening  7 as white: W  [g4 Nh6 f3 Rg8 d3 a5]
  game  14  opening  7 as black: W  [g4 Nh6 f3 Rg8 d3 a5]
  game  15  opening  8 as white: D  [g4 a6 Na3 f5 h4 Ra7]
  game  16  opening  8 as black: D  [g4 a6 Na3 f5 h4 Ra7]
  game  17  opening  9 as white: D  [h4 Nh6 e3 c5 Ne2 d6]
  game  18  opening  9 as black: W  [h4 Nh6 e3 c5 Ne2 d6]
  game  19  opening 10 as white: L  [Na3 c6 h3 Qb6 c4 g6]
  game  20  opening 10 as black: L  [Na3 c6 h3 Qb6 c4 g6]
  game  21  opening 11 as white: W  [b3 g5 f4 Na6 Na3 e6]
  game  22  opening 11 as black: W  [b3 g5 f4 Na6 Na3 e6]
  game  23  opening 12 as white: D  [g3 Nh6 Nc3 d5 f4 Bf5]
  game  24  opening 12 as black: D  [g3 Nh6 Nc3 d5 f4 Bf5]
  game  25  opening 13 as white: D  [Nc3 g5 d3 Nh6 Be3 Ng4]
  game  26  opening 13 as black: D  [Nc3 g5 d3 Nh6 Be3 Ng4]
  game  27  opening 14 as white: W  [g4 h6 d4 Nf6 Na3 g5]
  game  28  opening 14 as black: D  [g4 h6 d4 Nf6 Na3 g5]
  game  29  opening 15 as white: D  [f3 e6 h4 c5 d4 b5]
  game  30  opening 15 as black: D  [f3 e6 h4 c5 d4 b5]
  game  31  opening 16 as white: W  [c3 b5 a4 g5 h4 c6]
  game  32  opening 16 as black: D  [c3 b5 a4 g5 h4 c6]
  game  33  opening 17 as white: L  [Nh3 Na6 Na3 b6 b3 Nc5]
  game  34  opening 17 as black: W  [Nh3 Na6 Na3 b6 b3 Nc5]
  game  35  opening 18 as white: D  [Na3 g5 f3 Nf6 d3 Nh5]
  game  36  opening 18 as black: D  [Na3 g5 f3 Nf6 d3 Nh5]
  game  37  opening 19 as white: D  [c4 c6 h4 g5 e4 Nh6]
  game  38  opening 19 as black: D  [c4 c6 h4 g5 e4 Nh6]
  game  39  opening 20 as white: D  [d3 Nf6 d4 h5 f3 h4]
  game  40  opening 20 as black: L  [d3 Nf6 d4 h5 f3 h4]
  game  41  opening 21 as white: L  [e4 Na6 Qg4 h5 c4 Nh6]
  game  42  opening 21 as black: D  [e4 Na6 Qg4 h5 c4 Nh6]
  game  43  opening 22 as white: L  [h3 e6 c3 c5 a3 Nf6]
  game  44  opening 22 as black: D  [h3 e6 c3 c5 a3 Nf6]
  game  45  opening 23 as white: D  [d3 Nc6 Nh3 Nb4 c3 Na6]
  game  46  opening 23 as black: D  [d3 Nc6 Nh3 Nb4 c3 Na6]
  game  47  opening 24 as white: W  [e3 f5 g3 a5 Nc3 Nc6]
  game  48  opening 24 as black: D  [e3 f5 g3 a5 Nc3 Nc6]
  game  49  opening 25 as white: W  [c4 a5 g3 h5 f4 Rh7]
  game  50  opening 25 as black: W  [c4 a5 g3 h5 f4 Rh7]
chess head-to-head (reinfors net vs open_spiel net, 64 sims both): 14W 28D 8L -> score 0.56
